// Jest Snapshot v1, https://goo.gl/fbAQLP

exports[`<ArticleRenderer /> should render a post's content 1`] = `
<div>
  <div>
    <span
      style={{}}
    >
      This is a title, there are many like it, but this one is mine
    </span>
  </div>
  <div>
    <h1>
      <span
        style={{}}
      >
        This is h1
      </span>
    </h1>
    <h2>
      <span
        style={{}}
      >
        This is h2
      </span>
    </h2>
    <h3>
      <span
        style={{}}
      >
        This is h3
      </span>
    </h3>
    <h4>
      <span
        style={{}}
      >
        This is h4
      </span>
    </h4>
    <h5>
      <span
        style={{}}
      >
        This is h5
      </span>
    </h5>
    <h6>
      <span
        style={
          {
            "fontStyle": "italic",
          }
        }
      >
        This is h6
      </span>
    </h6>
    <p>
      <span
        style={{}}
      />
    </p>
    <p>
      <span
        style={
          {
            "fontWeight": "bold",
          }
        }
      >
        This is bold
      </span>
    </p>
    <p>
      <span
        style={
          {
            "fontStyle": "italic",
          }
        }
      >
        This is italic
      </span>
    </p>
    <p>
      <span
        style={
          {
            "textDecoration": "underline",
          }
        }
      >
        This is underlined
      </span>
    </p>
    <p>
      <span
        style={
          {
            "textDecoration": "underline",
          }
        }
      />
    </p>
    <p>
      <span
        style={
          {
            "verticalAlign": "super",
          }
        }
      >
        aaa
      </span>
      <span
        style={
          {
            "fontStyle": "italic",
            "fontWeight": "bold",
            "textDecoration": "underline",
            "verticalAlign": "super",
          }
        }
      >
        This is bold, underlined, italic, strikethrough and supertext
      </span>
    </p>
    <p>
      <span
        style={
          {
            "verticalAlign": "sub",
          }
        }
      >
        eee
      </span>
      <span
        style={
          {
            "fontStyle": "italic",
            "fontWeight": "bold",
            "textDecoration": "underline",
            "verticalAlign": "sub",
          }
        }
      >
        This is bold, underlined, italic, strikethrough and subscript
      </span>
    </p>
    <p>
      <span
        style={
          {
            "verticalAlign": "sub",
          }
        }
      />
    </p>
    <p>
      <span
        style={
          {
            "verticalAlign": "sub",
          }
        }
      >
        horizontal line below:
      </span>
    </p>
    <hr />
    <p>
      <span
        style={
          {
            "verticalAlign": "sub",
          }
        }
      />
    </p>
    <p>
      <span
        style={{}}
      />
    </p>
    <p>
      <span
        style={{}}
      >
        x
      </span>
      <span
        style={
          {
            "verticalAlign": "super",
          }
        }
      >
        3
      </span>
    </p>
    <p>
      <span
        style={
          {
            "verticalAlign": "super",
          }
        }
      />
    </p>
    <p>
      <span
        style={
          {
            "verticalAlign": "super",
          }
        }
      >
        H
      </span>
      <span
        style={
          {
            "verticalAlign": "sub",
          }
        }
      >
        2
      </span>
      <span
        style={
          {
            "verticalAlign": "super",
          }
        }
      >
        O x
      </span>
      <span
        style={
          {
            "fontWeight": "bold",
            "verticalAlign": "super",
          }
        }
      >
        o
      </span>
    </p>
    <p>
      <span
        style={{}}
      />
    </p>
    <p>
      <span
        style={
          {
            "verticalAlign": "sub",
          }
        }
      >
        Unordered “bullet point” list
      </span>
    </p>
    <ul>
      <li
        style={{}}
      >
        <span
          style={
            {
              "verticalAlign": "sub",
            }
          }
        >
          Apple
        </span>
      </li>
      <li
        style={{}}
      >
        <span
          style={
            {
              "verticalAlign": "sub",
            }
          }
        >
          Pineapple
        </span>
      </li>
      <li
        style={{}}
      >
        <span
          style={
            {
              "verticalAlign": "sub",
            }
          }
        >
          Pen 
        </span>
        <span
          style={
            {
              "fontWeight": "bold",
              "verticalAlign": "sub",
            }
          }
        >
          pineapple
        </span>
        <span
          style={
            {
              "verticalAlign": "sub",
            }
          }
        >
           
        </span>
        <span
          style={
            {
              "fontStyle": "italic",
              "verticalAlign": "sub",
            }
          }
        >
          apple
        </span>
        <span
          style={
            {
              "verticalAlign": "sub",
            }
          }
        >
           
        </span>
        <span
          style={
            {
              "textDecoration": "underline",
              "verticalAlign": "sub",
            }
          }
        >
          pen
        </span>
      </li>
    </ul>
    <p>
      <span
        style={
          {
            "textDecoration": "underline",
            "verticalAlign": "sub",
          }
        }
      />
    </p>
    <p>
      <span
        style={
          {
            "verticalAlign": "sub",
          }
        }
      >
        Unordered list with different symbols
      </span>
    </p>
    <ul>
      <li
        style={{}}
      >
        <span
          style={
            {
              "verticalAlign": "sub",
            }
          }
        >
          Duck
        </span>
      </li>
      <li
        style={{}}
      >
        <span
          style={
            {
              "verticalAlign": "sub",
            }
          }
        >
          Duck2
        </span>
      </li>
      <li
        style={{}}
      >
        <span
          style={
            {
              "verticalAlign": "sub",
            }
          }
        >
          Goose
        </span>
      </li>
    </ul>
    <p>
      <span
        style={
          {
            "verticalAlign": "sub",
          }
        }
      />
    </p>
    <p>
      <span
        style={
          {
            "verticalAlign": "sub",
          }
        }
      >
        Todo list with checkmarks
      </span>
    </p>
    <ul>
      <li
        style={{}}
      >
        <span
          style={
            {
              "verticalAlign": "sub",
            }
          }
        >
          Veni
        </span>
      </li>
      <li
        style={{}}
      >
        <span
          style={
            {
              "verticalAlign": "sub",
            }
          }
        >
          Vidi
        </span>
      </li>
      <li
        style={{}}
      >
        <span
          style={
            {
              "verticalAlign": "sub",
            }
          }
        >
          Vici
        </span>
      </li>
    </ul>
    <p>
      <span
        style={
          {
            "textDecoration": "underline",
            "verticalAlign": "sub",
          }
        }
      />
    </p>
    <p>
      <span
        style={
          {
            "verticalAlign": "sub",
          }
        }
      >
        Ordered “numbered” list
      </span>
    </p>
    <ol>
      <li
        style={{}}
      >
        <span
          style={
            {
              "verticalAlign": "sub",
            }
          }
        >
          Waking in the morning
        </span>
      </li>
      <li
        style={{}}
      >
        <span
          style={
            {
              "verticalAlign": "sub",
            }
          }
        >
          Gotta go downstairs
        </span>
      </li>
      <li
        style={{}}
      >
        <span
          style={
            {
              "verticalAlign": "sub",
            }
          }
        >
          Gotta have cereal
        </span>
      </li>
      <li
        style={{}}
      >
        <span
          style={
            {
              "verticalAlign": "sub",
            }
          }
        >
          I see my friends
        </span>
      </li>
      <li
        style={{}}
      >
        <span
          style={
            {
              "verticalAlign": "sub",
            }
          }
        >
          Gotta get down on Friday
        </span>
      </li>
    </ol>
    <p>
      <span
        style={
          {
            "verticalAlign": "sub",
          }
        }
      />
    </p>
    <p>
      <span
        style={{}}
      />
    </p>
    <p>
      <span
        style={
          {
            "verticalAlign": "sub",
          }
        }
      />
    </p>
    <p>
      <span
        style={
          {
            "fontWeight": "bold",
            "verticalAlign": "sub",
          }
        }
      >
        A wild table appears
      </span>
    </p>
    <table
      className="text-black"
    >
      <tbody>
        <tr
          style={{}}
        >
          <td
            style={{}}
          >
            <p>
              <span
                style={
                  {
                    "verticalAlign": "sub",
                  }
                }
              >
                Merged cols 1 & 2
              </span>
            </p>
          </td>
          <td
            style={{}}
          >
            <p>
              <span
                style={
                  {
                    "verticalAlign": "sub",
                  }
                }
              >
                Col 3
              </span>
            </p>
          </td>
          <td
            style={{}}
          >
            <p>
              <span
                style={
                  {
                    "verticalAlign": "sub",
                  }
                }
              >
                Col 4
              </span>
            </p>
          </td>
        </tr>
        <tr
          style={{}}
        >
          <td
            style={{}}
          >
            <p>
              <span
                style={
                  {
                    "verticalAlign": "sub",
                  }
                }
              >
                A
              </span>
            </p>
          </td>
          <td
            style={{}}
          >
            <p>
              <span
                style={
                  {
                    "verticalAlign": "sub",
                  }
                }
              >
                B
              </span>
            </p>
          </td>
          <td
            style={{}}
          >
            <p>
              <span
                style={
                  {
                    "verticalAlign": "sub",
                  }
                }
              >
                C
              </span>
            </p>
          </td>
          <td
            style={{}}
          >
            <p>
              <span
                style={
                  {
                    "verticalAlign": "sub",
                  }
                }
              >
                D
              </span>
            </p>
          </td>
        </tr>
        <tr
          style={{}}
        >
          <td
            style={{}}
          >
            <p>
              <span
                style={
                  {
                    "verticalAlign": "sub",
                  }
                }
              >
                ა
              </span>
            </p>
          </td>
          <td
            style={{}}
          >
            <p>
              <span
                style={
                  {
                    "verticalAlign": "sub",
                  }
                }
              >
                ბ
              </span>
            </p>
          </td>
          <td
            style={{}}
          >
            <p>
              <span
                style={
                  {
                    "verticalAlign": "sub",
                  }
                }
              >
                ს
              </span>
            </p>
          </td>
          <td
            style={{}}
          >
            <p>
              <span
                style={
                  {
                    "verticalAlign": "sub",
                  }
                }
              >
                დ
              </span>
            </p>
          </td>
        </tr>
      </tbody>
    </table>
    <p>
      <span
        style={
          {
            "verticalAlign": "sub",
          }
        }
      />
    </p>
    <p>
      <span
        style={
          {
            "verticalAlign": "sub",
          }
        }
      >
        Some more paragraphs after everything else.
      </span>
    </p>
    <p>
      <span
        style={{}}
      />
    </p>
    <p>
      <span
        style={{}}
      />
    </p>
  </div>
</div>
`;
